#-----------------------------------------------------------
# Vivado v2024.1 (64-bit)
# SW Build 5076996 on Wed May 22 18:36:09 MDT 2024
# IP Build 5075265 on Wed May 22 21:45:21 MDT 2024
# SharedData Build 5076995 on Wed May 22 18:29:18 MDT 2024
# Start of session at: Sat May 17 12:54:49 2025
# Process ID: 2975051
# Current directory: /home/wes_2025_r_verma/capstone_project/Versal-Linux-cmd-clean_0507/gemm_extended_dma_1_burst_opr/mm2s/hls/impl/ip
# Command line: vivado -notrace -mode batch -source run_ippack.tcl
# Log file: /home/wes_2025_r_verma/capstone_project/Versal-Linux-cmd-clean_0507/gemm_extended_dma_1_burst_opr/mm2s/hls/impl/ip/vivado.log
# Journal file: /home/wes_2025_r_verma/capstone_project/Versal-Linux-cmd-clean_0507/gemm_extended_dma_1_burst_opr/mm2s/hls/impl/ip/vivado.jou
# Running On        :waiter
# Platform          :Ubuntu
# Operating System  :Ubuntu 22.04.5 LTS
# Processor Detail  :AMD Ryzen Threadripper PRO 7985WX 64-Cores
# CPU Frequency     :1500.000 MHz
# CPU Physical cores:64
# CPU Logical cores :128
# Host memory       :404950 MB
# Swap memory       :0 MB
# Total Virtual     :404950 MB
# Available Virtual :170709 MB
#-----------------------------------------------------------
source run_ippack.tcl -notrace
